http://extjs.com
-> Connection timed out after 15750 milliseconds

http://forum.developers.facebook.com/
-> Couldn't resolve host 'forum.developers.facebook.com'

http://www.adidas.com/
-> Maximum (10) redirects followed

http://www.anyware-tech.com/
-> Failed to connect to www.anyware-tech.com port 80: Connection refused

http://www.archipelago.com/
-> Failed to connect to www.archipelago.com port 80: Connection refused

http://www.bandxi.com/
-> Couldn't resolve host 'www.bandxi.com'

http://www.birt-exchange.com/
-> Connection timed out after 15001 milliseconds

http://www.db4o.com
-> Connection timed out after 15000 milliseconds

http://www.eads.com/
-> Connection timed out after 15001 milliseconds

http://www.earthweb.com/
-> Failed to connect to www.earthweb.com port 443: Connection refused

http://www.excelsior-usa.com/
-> Failed to connect to www.excelsior-usa.com port 80: Connection refused

http://www.healthnet.com/
-> Operation timed out after 15000 milliseconds with 0 bytes received

http://www.ibs.net/
-> SSL: no alternative certificate subject name matches target host name 'www.ibs.net'

http://www.jumpbox.com
-> Couldn't resolve host 'www.jumpbox.com'

http://www.kpitcummins.com/
-> Couldn't resolve host 'www.kpitcummins.com'

http://www.mirant.com/
-> Connection timed out after 15000 milliseconds

http://www.misysbanking.com/
-> Failed to connect to www.misysbanking.com port 80: Operation timed out

http://www.mks.com/
-> Operation timed out after 15000 milliseconds with 0 bytes received

http://www.mulesource.com
-> Operation timed out after 15000 milliseconds with 0 bytes received

http://www.objectweb.org/
-> Couldn't resolve host 'www.objectweb.org'

http://www.openmakesoftware.com/
-> name lookup timed out

http://www.opensocial.org/
-> name lookup timed out

http://www.opensystems-publishing.com/
-> name lookup timed out

http://www.open-xchange.com
-> name lookup timed out

http://www.oracle.com/
-> name lookup timed out

http://www.orangehrm.com
-> name lookup timed out

http://www.osgi.org/
-> name lookup timed out

http://www.palamida.com/
-> name lookup timed out

http://www.paragent.com
-> name lookup timed out

http://www.parasoft.com/
-> name lookup timed out

http://www.pentaho.com
-> name lookup timed out

http://www.perforce.com/
-> name lookup timed out

http://www.polarion.com/
-> name lookup timed out

http://www.ponoko.com/
-> name lookup timed out

http://www.progress.com/
-> name lookup timed out

http://www.project-open.com
-> name lookup timed out

http://www.prosyst.com/
-> name lookup timed out

http://www.protecode.com/
-> name lookup timed out

http://www.qnx.com/
-> name lookup timed out

http://www.quest.com/
-> name lookup timed out

http://www.radview.com
-> name lookup timed out

http://www.reardencommerce.com/
-> name lookup timed out

http://www.redhat.com/
-> name lookup timed out

http://www.rei.com/
-> name lookup timed out

http://www.remain.nl/
-> name lookup timed out

http://www.replaysolutions.com/
-> name lookup timed out

http://www.rim.com/
-> name lookup timed out

http://www.rpath.com
-> name lookup timed out

http://www.rsmart.com
-> name lookup timed out

http://www.rtcgroup.com/
-> name lookup timed out

http://www.safe.com
-> name lookup timed out

http://www.salesforce.com/
-> name lookup timed out

http://www.sap.com/
-> name lookup timed out

http://www.sas.com/
-> name lookup timed out

http://www.scalix.com
-> name lookup timed out

